=== RUN   TestRun
2022/08/28 13:39:05 boundary &{5 5}
2022/08/28 13:39:05 <State &{1 2}, N> [L M L M L M L M M] => <State &{1 3}, N>
2022/08/28 13:39:05 <State &{3 3}, E> [M M R M M R M R R M] => <State &{5 1}, E>
    api_test.go:21: got: 1 3 N
    api_test.go:21: got: 5 1 E
--- PASS: TestRun (0.00s)
PASS
ok  	github.com/weaming/nasa-mars-rovers	0.006s
